[carnagemusic.com/index.html]
[backblue.gif]
[fade.gif]
[index.html]
[carnagemusic.com/wp-content/uploads/elementor/css/custom-frontend.min45ee.css]
[carnagemusic.com/wp-content/plugins/elementor-for-sonaar/assets/css/sonaar-addons-elementor8d5a.css]
[carnagemusic.com/feed/index.html]
[carnagemusic.com/wp-content/uploads/maxmegamenu/style01c3.css]
[carnagemusic.com/wp-includes/css/dashicons.min3883.css]
[carnagemusic.com/wp-content/themes/sonaar/dist/css/main.minaa80.css]
[carnagemusic.com/wp-content/themes/sonaar-child/styleaa80.css]
[carnagemusic.com/wp-content/themes/sonaar/includes/sonaar-music/fontawesome/css/fontawesome.minb683.css]
[carnagemusic.com/wp-content/themes/sonaar/includes/sonaar-music/fontawesome/css/brands.minb683.css]
[carnagemusic.com/comments/feed/index.html]
[carnagemusic.com/wp-content/themes/sonaar/includes/sonaar-music/fontawesome/css/solid.minb683.css]
[carnagemusic.com/wp-content/themes/sonaar/includes/sonaar-music/fontawesome/css/regular.minb683.css]
[carnagemusic.com/wp-content/uploads/2024/11/d63c07c6140e69d222fe3df47bc50e55.gif]
[carnagemusic.com/wp-content/plugins/essential-grid/public/assets/css/settingsc6bd.css]
[carnagemusic.com/wp-content/plugins/essential-grid/public/assets/font/fontello/css/fontelloc6bd.css]
[carnagemusic.com/index7faa.html]
[carnagemusic.com/wp-content/plugins/elementor/assets/lib/eicons/css/elementor-icons.min0fd8.css]
[carnagemusic.com/wp-content/plugins/elementor/assets/lib/swiper/v8/css/swiper.min94a4.css]
[carnagemusic.com/wp-content/plugins/elementor/assets/css/conditionals/e-swiper.min52dd.css]
[carnagemusic.com/wp-content/uploads/elementor/css/post-373445ee.css]
[carnagemusic.com/wp-content/uploads/elementor/css/custom-pro-frontend.min45ee.css]
[carnagemusic.com/wp-content/plugins/elementor/assets/lib/font-awesome/css/all.min52dd.css]
[carnagemusic.com/wp-content/plugins/elementor/assets/lib/font-awesome/css/v4-shims.min52dd.css]
[carnagemusic.com/wp-content/plugins/elementor/assets/css/widget-spacer.min52dd.css]
[carnagemusic.com/wp-content/plugins/elementor/assets/css/widget-social-icons.min52dd.css]
[carnagemusic.com/wp-content/uploads/elementor/css/custom-apple-webkit.min45ee.css]
[carnagemusic.com/wp-content/plugins/elementor/assets/css/widget-heading.min52dd.css]
[carnagemusic.com/wp-content/uploads/elementor/css/post-6639c8ba.css]
[carnagemusic.com/wp-content/plugins/elementor/assets/lib/font-awesome/css/fontawesome.min52d5.css]
[carnagemusic.com/wp-content/plugins/elementor/assets/lib/font-awesome/css/brands.min52d5.css]
[carnagemusic.com/wp-includes/js/jquery/jquery.minf43b.js]
[carnagemusic.com/wp-includes/js/jquery/jquery-migrate.min5589.js]
[carnagemusic.com/wp-content/plugins/revslider/sr6/assets/js/rbtools.mine9af.js]
[carnagemusic.com/wp-content/plugins/revslider/sr6/assets/js/rs6.mine9af.js]
[cdn.jsdelivr.net/npm/vue@2/dist/vue.min.js]
[cdn.jsdelivr.net/npm/d3@5/dist/d3.min.js]
[carnagemusic.com/wp-content/plugins/elementor/assets/lib/font-awesome/js/v4-shims.min52dd.js]
[carnagemusic.com/wp-json/index.html]
[carnagemusic.com/wp-json/wp/v2/pages/6639.json]
[carnagemusic.com/xmlrpc0db0.php]
[carnagemusic.com/index.html]
[cdn.jsdelivr.net/index.html]
[carnagemusic.com/index7faa.html]
[carnagemusic.com/wp-json/oembed/1.0/embedec59.html]
[carnagemusic.com/wp-json/oembed/1.0/embedeff4.html]
[carnagemusic.com/wp-content/uploads/2024/09/WADIK.html]
[carnagemusic.com/wp-content/uploads/2024/11/Teko-Regular.html]
[carnagemusic.com/artists/index.html]
[carnagemusic.com/music/index.html]
[carnagemusic.com/all-events/index.html]
[carnagemusic.com/donate/index.html]
[carnagemusic.com/contact/index.html]
[carnagemusic.com/about/index.html]
[carnagemusic.com/wp-content/uploads/elementor/css/custom-frontend.min45ee.css]
[carnagemusic.com/wp-content/plugins/elementor-for-sonaar/assets/css/sonaar-addons-elementor8d5a.css]
[carnagemusic.com/wp-content/uploads/maxmegamenu/style01c3.css]
[carnagemusic.com/wp-includes/css/dashicons.min3883.css]
[carnagemusic.com/wp-content/themes/sonaar/dist/css/main.minaa80.css]
[carnagemusic.com/wp-content/themes/sonaar-child/styleaa80.css]
[carnagemusic.com/wp-content/themes/sonaar/includes/sonaar-music/fontawesome/css/fontawesome.minb683.css]
[carnagemusic.com/wp-content/themes/sonaar/includes/sonaar-music/fontawesome/css/brands.minb683.css]
[carnagemusic.com/wp-content/themes/sonaar/includes/sonaar-music/fontawesome/css/solid.minb683.css]
[carnagemusic.com/wp-content/themes/sonaar/includes/sonaar-music/fontawesome/css/regular.minb683.css]
[carnagemusic.com/wp-content/plugins/essential-grid/public/assets/css/settingsc6bd.css]
[carnagemusic.com/wp-content/plugins/essential-grid/public/assets/font/fontello/css/fontelloc6bd.css]
[carnagemusic.com/wp-content/plugins/elementor/assets/lib/eicons/css/elementor-icons.min0fd8.css]
[carnagemusic.com/wp-content/plugins/elementor/assets/lib/swiper/v8/css/swiper.min94a4.css]
[carnagemusic.com/wp-content/plugins/elementor/assets/css/conditionals/e-swiper.min52dd.css]
[carnagemusic.com/wp-content/uploads/elementor/css/post-373445ee.css]
[carnagemusic.com/wp-content/uploads/elementor/css/custom-pro-frontend.min45ee.css]
[carnagemusic.com/wp-content/plugins/elementor/assets/lib/font-awesome/css/all.min52dd.css]
[carnagemusic.com/wp-content/plugins/elementor/assets/lib/font-awesome/css/v4-shims.min52dd.css]
[carnagemusic.com/wp-content/plugins/elementor/assets/css/widget-spacer.min52dd.css]
[carnagemusic.com/wp-content/plugins/elementor/assets/css/widget-image.min52dd.css]
[carnagemusic.com/wp-content/plugins/elementor/assets/css/widget-social-icons.min52dd.css]
[carnagemusic.com/wp-content/uploads/elementor/css/custom-apple-webkit.min45ee.css]
[carnagemusic.com/wp-content/plugins/elementor/assets/css/widget-heading.min52dd.css]
[carnagemusic.com/wp-content/uploads/elementor/css/post-6639c8ba.css]
[carnagemusic.com/wp-content/plugins/elementor/assets/lib/font-awesome/css/fontawesome.min52d5.css]
[carnagemusic.com/wp-content/plugins/elementor/assets/lib/font-awesome/css/brands.min52d5.css]
[carnagemusic.com/wp-includes/js/jquery/jquery.minf43b.js]
[carnagemusic.com/wp-includes/js/jquery/jquery-migrate.min5589.js]
[carnagemusic.com/wp-content/plugins/revslider/sr6/assets/js/rbtools.mine9af.js]
[carnagemusic.com/wp-content/plugins/revslider/sr6/assets/js/rs6.mine9af.js]
[player.vimeo.com/api/player.js]
[carnagemusic.com/wp-content/plugins/elementor/assets/lib/font-awesome/js/v4-shims.min52dd.js]
[carnagemusic.com/xmlrpc0db0.php]
[carnagemusic.com/wp-content/uploads/2024/09/cropped-Carnage-Logo-Icon-White-Alpha-32x32.html]
[carnagemusic.com/wp-content/uploads/2024/09/cropped-Carnage-Logo-Icon-White-Alpha-192x192.html]
[carnagemusic.com/wp-content/uploads/2024/09/cropped-Carnage-Logo-Icon-White-Alpha-180x180.html]
[carnagemusic.com/wp-content/uploads/2017/04/vector-damask-seamless-pattern-background-classical-luxury-old-fashioned-damask-ornament-royal-victorian-seamless-texture-wallpapers-textile-wrapping-exquisite-floral-]
[carnagemusic.com/wp-content/uploads/2024/09/Carnage-Logo-Icon-White-Alpha-2.html]
[carnagemusic.com/wp-content/uploads/2024/09/Carnage-Logo-Icon-White-Alpha-1.html]
[carnagemusic.com/wp-content/uploads/2024/09/Carnage-Logo-Icon-White-Alpha-2-150x150.html]
[carnagemusic.com/wp-content/uploads/2024/10/Carnage-Logo-Icon-White-Alpha-150x150.html]
[carnagemusic.com/wp-content/uploads/2024/11/logo-559x559.html]
[carnagemusic.com/wp-content/uploads/2024/10/Carnage-Logo-Full.html]
[carnagemusic.com/wp-content/uploads/elementor/css/post-612645ee.html]
[carnagemusic.com/wp-content/uploads/elementor/css/post-612762b0.html]
[carnagemusic.com/wp-content/plugins/elementor/assets/lib/animations/styles/e-animation-grow-rotate.min52dd.html]
[carnagemusic.com/wp-content/plugins/elementor/assets/lib/animations/styles/fadeIn.min52dd.html]
[carnagemusic.com/wp-content/plugins/revslider/sr6/assets/css/rs6e9af.html]
[carnagemusic.com/wp-includes/js/dist/hooks.min2757.html]
[carnagemusic.com/wp-includes/js/dist/i18n.minc33c.html]
[carnagemusic.com/wp-content/plugins/contact-form-7/includes/swv/js/indexfc7a.html]
[carnagemusic.com/wp-content/plugins/contact-form-7/includes/js/indexfc7a.html]
[carnagemusic.com/wp-includes/js/underscore.mind584.html]
[carnagemusic.com/wp-includes/js/jquery/ui/core.minb37e.html]
[carnagemusic.com/wp-includes/js/jquery/ui/mouse.minb37e.html]
[carnagemusic.com/wp-includes/js/jquery/ui/slider.minb37e.html]
[carnagemusic.com/wp-includes/js/mediaelement/mediaelement-and-player.min1f61.html]
[carnagemusic.com/wp-includes/js/mediaelement/mediaelement-migrate.min3883.html]
[carnagemusic.com/wp-content/themes/sonaar/dist/js/sonaar.scripts.minaa80.html]
[carnagemusic.com/wp-includes/js/hoverIntent.min3e5a.html]
[carnagemusic.com/wp-content/plugins/megamenu/js/maxmegamenu1bba.html]
[carnagemusic.com/wp-content/plugins/elementor-for-sonaar/assets/js/sonaar-addons-elementor.min8d5a.html]
[carnagemusic.com/wp-content/plugins/elementor-pro/assets/js/webpack-pro.runtime.min57a7.html]
[carnagemusic.com/wp-content/plugins/elementor/assets/js/webpack.runtime.min52dd.html]
[carnagemusic.com/wp-content/plugins/elementor/assets/js/frontend-modules.min52dd.html]
[carnagemusic.com/wp-content/plugins/elementor-pro/assets/js/frontend.min57a7.html]
[carnagemusic.com/wp-content/plugins/elementor/assets/js/frontend.min52dd.html]
[carnagemusic.com/wp-content/plugins/elementor-pro/assets/js/elements-handlers.min57a7.html]
[carnagemusic.com/wp-content/uploads/2020/12/fon_lenty_radiatsiia_18526_2560x1080.html]
[carnagemusic.com/wp-includes/fonts/dashicons7d4b.html]
[carnagemusic.com/wp-includes/fonts/dashicons7d4b-2.html]
[carnagemusic.com/wp-content/themes/sonaar/dist/css/images/ajax-loader.html]
[carnagemusic.com/wp-content/themes/sonaar/images/stickycorner.html]
[carnagemusic.com/wp-content/themes/sonaar/dist/_img/selector-shadow.html]
[carnagemusic.com/wp-content/themes/sonaar/dist/_img/selector-prev.html]
[carnagemusic.com/wp-content/themes/sonaar/dist/_img/selector-next.html]
[carnagemusic.com/wp-content/themes/sonaar/dist/css/images/sprite.html]
[carnagemusic.com/wp-content/themes/sonaar/images/ajax-loader.html]
[www.carnagemusic.com/wp-content/webfonts/WADIK.html]
[carnagemusic.com/wp-content/themes/sonaar/includes/sonaar-music/fontawesome/webfonts/fa-brands-400.html]
[carnagemusic.com/wp-content/themes/sonaar/includes/sonaar-music/fontawesome/webfonts/fa-brands-401.html]
[carnagemusic.com/wp-content/themes/sonaar/includes/sonaar-music/fontawesome/webfonts/fa-solid-900.html]
[carnagemusic.com/wp-content/themes/sonaar/includes/sonaar-music/fontawesome/webfonts/fa-solid-901.html]
[carnagemusic.com/wp-content/themes/sonaar/includes/sonaar-music/fontawesome/webfonts/fa-regular-400.html]
[carnagemusic.com/wp-content/themes/sonaar/includes/sonaar-music/fontawesome/webfonts/fa-regular-401.html]
[carnagemusic.com/wp-content/plugins/essential-grid/public/assets/images/ajax-loader.html]
[carnagemusic.com/wp-content/plugins/essential-grid/public/assets/images/loader.html]
[carnagemusic.com/wp-content/plugins/essential-grid/public/assets/font/fontello/fonts/egfont17ee.html]
[carnagemusic.com/wp-content/plugins/essential-grid/public/assets/font/fontello/fonts/egfont17ee-2.html]
[carnagemusic.com/wp-content/plugins/essential-grid/public/assets/font/fontello/fonts/egfont17ee-3.html]
[carnagemusic.com/wp-content/plugins/essential-grid/public/assets/font/fontello/fonts/egfont17ee-4.html]
[carnagemusic.com/wp-content/plugins/essential-grid/public/assets/font/fontello/fonts/egfont17ee-5.html]
[carnagemusic.com/wp-content/plugins/elementor/assets/lib/eicons/fonts/eicons9d5b.html]
[carnagemusic.com/wp-content/plugins/elementor/assets/lib/eicons/fonts/eicons9d5b-2.html]
[carnagemusic.com/wp-content/plugins/elementor/assets/lib/eicons/fonts/eicons9d5b-3.html]
[carnagemusic.com/wp-content/plugins/elementor/assets/lib/eicons/fonts/eicons9d5b-4.html]
[carnagemusic.com/wp-content/plugins/elementor/assets/lib/eicons/fonts/eicons9d5b-5.html]
[carnagemusic.com/wp-content/uploads/2024/09/GOTHICB.html]
[carnagemusic.com/wp-content/plugins/elementor/assets/lib/font-awesome/webfonts/fa-brands-400.html]
[carnagemusic.com/wp-content/plugins/elementor/assets/lib/font-awesome/webfonts/fa-brands-400d41d.html]
[carnagemusic.com/wp-content/plugins/elementor/assets/lib/font-awesome/webfonts/fa-brands-401.html]
[carnagemusic.com/wp-content/plugins/elementor/assets/lib/font-awesome/webfonts/fa-brands-402.html]
[carnagemusic.com/wp-content/plugins/elementor/assets/lib/font-awesome/webfonts/fa-brands-403.html]
[carnagemusic.com/wp-content/plugins/elementor/assets/lib/font-awesome/webfonts/fa-brands-404.html]
[carnagemusic.com/wp-content/plugins/elementor/assets/lib/font-awesome/webfonts/fa-regular-400.html]
[carnagemusic.com/wp-content/plugins/elementor/assets/lib/font-awesome/webfonts/fa-regular-400d41d.html]
[carnagemusic.com/wp-content/plugins/elementor/assets/lib/font-awesome/webfonts/fa-regular-401.html]
[carnagemusic.com/wp-content/plugins/elementor/assets/lib/font-awesome/webfonts/fa-regular-402.html]
[carnagemusic.com/wp-content/plugins/elementor/assets/lib/font-awesome/webfonts/fa-regular-403.html]
[carnagemusic.com/wp-content/plugins/elementor/assets/lib/font-awesome/webfonts/fa-regular-404.html]
[carnagemusic.com/wp-content/plugins/elementor/assets/lib/font-awesome/webfonts/fa-solid-900.html]
[carnagemusic.com/wp-content/plugins/elementor/assets/lib/font-awesome/webfonts/fa-solid-900d41d.html]
[carnagemusic.com/wp-content/plugins/elementor/assets/lib/font-awesome/webfonts/fa-solid-901.html]
[carnagemusic.com/wp-content/plugins/elementor/assets/lib/font-awesome/webfonts/fa-solid-902.html]
[carnagemusic.com/wp-content/plugins/elementor/assets/lib/font-awesome/webfonts/fa-solid-903.html]
[carnagemusic.com/wp-content/plugins/elementor/assets/lib/font-awesome/webfonts/fa-solid-904.html]
[carnagemusic.com/wp-content/uploads/2024/11/Untitle.html]
[carnagemusic.com/dummy.html]
[carnagemusic.com/revslider/public/assets/assets/svg/index.html]
[carnagemusic.com/revslider/public/assets/svg/index.html]
[carnagemusic.com/origin=https_/index.html]
[carnagemusic.com/Trident/index.html]
